// Jest Snapshot v1, https://goo.gl/fbAQLP

exports[`SimpleSearchComponent should render default view 1`] = `
<div>
  <form
    style="margin: 8px;"
  >
    <div
      class="MuiGrid-root MuiGrid-container MuiGrid-spacing-xs-2 css-ofrcno-MuiGrid-root"
    >
      <div
        class="MuiGrid-root MuiGrid-item MuiGrid-grid-xs-true css-1vd824g-MuiGrid-root"
      >
        <div
          class="MuiFormControl-root MuiFormControl-fullWidth MuiTextField-root css-wb57ya-MuiFormControl-root-MuiTextField-root"
          data-testid="simple-search"
        >
          <label
            class="MuiFormLabel-root MuiInputLabel-root MuiInputLabel-formControl MuiInputLabel-animated MuiInputLabel-sizeMedium MuiInputLabel-standard MuiFormLabel-colorPrimary MuiInputLabel-root MuiInputLabel-formControl MuiInputLabel-animated MuiInputLabel-sizeMedium MuiInputLabel-standard css-h9aup-MuiFormLabel-root-MuiInputLabel-root"
            data-shrink="false"
            data-testid="simple-search-label"
            for="simple-search-input"
            id="simple-search-label"
          >
            Search eSpace
          </label>
          <div
            class="MuiInputBase-root MuiInput-root MuiInput-underline MuiInputBase-colorPrimary MuiInputBase-fullWidth MuiInputBase-formControl css-1vg8b0p-MuiInputBase-root-MuiInput-root"
          >
            <input
              aria-invalid="false"
              aria-label="Enter your search query to search eSpace and then press Enter"
              class="MuiInputBase-input MuiInput-input MuiInputBase-inputTypeSearch css-c63i49-MuiInputBase-input-MuiInput-input"
              data-analyticsid="simple-search-input"
              data-testid="simple-search-input"
              id="simple-search-input"
              label="Search eSpace"
              placeholder="Enter your search query to search all fields in eSpace"
              type="search"
              value=""
            />
          </div>
        </div>
      </div>
      <div
        class="MuiGrid-root MuiGrid-item MuiGrid-grid-xs-12 MuiGrid-grid-sm-auto css-pr9bjb-MuiGrid-root"
      >
        <button
          aria-label="Click to search eSpace"
          class="MuiButtonBase-root MuiButton-root MuiButton-contained MuiButton-containedPrimary MuiButton-sizeMedium MuiButton-containedSizeMedium MuiButton-colorPrimary MuiButton-fullWidth MuiButton-root MuiButton-contained MuiButton-containedPrimary MuiButton-sizeMedium MuiButton-containedSizeMedium MuiButton-colorPrimary MuiButton-fullWidth css-1duotrm-MuiButtonBase-root-MuiButton-root"
          data-analyticsid="simple-search-button"
          data-testid="simple-search-button"
          id="simple-search-button"
          tabindex="0"
          type="button"
        >
          Search
        </button>
      </div>
      <div
        class="MuiGrid-root MuiGrid-item MuiGrid-grid-xs-12 MuiGrid-grid-sm-auto css-pr9bjb-MuiGrid-root"
      >
        <button
          aria-label="Click to switch to Advanced search"
          class="MuiButtonBase-root MuiButton-root MuiButton-contained MuiButton-containedDefault MuiButton-sizeMedium MuiButton-containedSizeMedium MuiButton-colorDefault MuiButton-fullWidth MuiButton-root MuiButton-contained MuiButton-containedDefault MuiButton-sizeMedium MuiButton-containedSizeMedium MuiButton-colorDefault MuiButton-fullWidth advancedButton css-7qz7dl-MuiButtonBase-root-MuiButton-root"
          data-analyticsid="show-advanced-search"
          data-testid="show-advanced-search"
          id="show-advanced-search"
          tabindex="0"
          type="button"
        >
          Advanced search
        </button>
      </div>
    </div>
  </form>
</div>
`;

exports[`SimpleSearchComponent should render show prefix icon in the search box 1`] = `
<div>
  <form
    style="margin: 8px;"
  >
    <div
      class="MuiGrid-root MuiGrid-container MuiGrid-spacing-xs-2 css-ofrcno-MuiGrid-root"
    >
      <div
        class="MuiGrid-root MuiGrid-item MuiGrid-grid-xs-true css-1vd824g-MuiGrid-root"
      >
        <div
          class="MuiFormControl-root MuiFormControl-fullWidth MuiTextField-root css-wb57ya-MuiFormControl-root-MuiTextField-root"
          data-testid="simple-search"
        >
          <label
            class="MuiFormLabel-root MuiInputLabel-root MuiInputLabel-formControl MuiInputLabel-animated MuiInputLabel-sizeMedium MuiInputLabel-standard MuiFormLabel-colorPrimary MuiInputLabel-root MuiInputLabel-formControl MuiInputLabel-animated MuiInputLabel-sizeMedium MuiInputLabel-standard css-h9aup-MuiFormLabel-root-MuiInputLabel-root"
            data-shrink="false"
            data-testid="simple-search-label"
            for="simple-search-input"
            id="simple-search-label"
          >
            Search eSpace
          </label>
          <div
            class="MuiInputBase-root MuiInput-root MuiInput-underline MuiInputBase-colorPrimary MuiInputBase-fullWidth MuiInputBase-formControl css-1vg8b0p-MuiInputBase-root-MuiInput-root"
          >
            <input
              aria-invalid="false"
              aria-label="Enter your search query to search eSpace and then press Enter"
              class="MuiInputBase-input MuiInput-input MuiInputBase-inputTypeSearch css-c63i49-MuiInputBase-input-MuiInput-input"
              data-analyticsid="simple-search-input"
              data-testid="simple-search-input"
              id="simple-search-input"
              label="Search eSpace"
              placeholder="Enter your search query to search all fields in eSpace"
              type="search"
              value=""
            />
          </div>
        </div>
      </div>
      <div
        class="MuiGrid-root MuiGrid-item MuiGrid-grid-xs-12 MuiGrid-grid-sm-auto css-pr9bjb-MuiGrid-root"
      >
        <button
          aria-label="Click to search eSpace"
          class="MuiButtonBase-root MuiButton-root MuiButton-contained MuiButton-containedPrimary MuiButton-sizeMedium MuiButton-containedSizeMedium MuiButton-colorPrimary MuiButton-fullWidth MuiButton-root MuiButton-contained MuiButton-containedPrimary MuiButton-sizeMedium MuiButton-containedSizeMedium MuiButton-colorPrimary MuiButton-fullWidth css-1duotrm-MuiButtonBase-root-MuiButton-root"
          data-analyticsid="simple-search-button"
          data-testid="simple-search-button"
          id="simple-search-button"
          tabindex="0"
          type="button"
        >
          Search
        </button>
      </div>
      <div
        class="MuiGrid-root MuiGrid-item MuiGrid-grid-xs-12 MuiGrid-grid-sm-auto css-pr9bjb-MuiGrid-root"
      >
        <button
          aria-label="Click to switch to Advanced search"
          class="MuiButtonBase-root MuiButton-root MuiButton-contained MuiButton-containedDefault MuiButton-sizeMedium MuiButton-containedSizeMedium MuiButton-colorDefault MuiButton-fullWidth MuiButton-root MuiButton-contained MuiButton-containedDefault MuiButton-sizeMedium MuiButton-containedSizeMedium MuiButton-colorDefault MuiButton-fullWidth advancedButton css-7qz7dl-MuiButtonBase-root-MuiButton-root"
          data-analyticsid="show-advanced-search"
          data-testid="show-advanced-search"
          id="show-advanced-search"
          tabindex="0"
          type="button"
        >
          Advanced search
        </button>
      </div>
    </div>
  </form>
</div>
`;

exports[`SimpleSearchComponent should render with a class "header" for use in AppBar 1`] = `
<div>
  <form
    style="margin: 8px;"
  >
    <div
      class="MuiGrid-root MuiGrid-container MuiGrid-spacing-xs-1 MuiGrid-wrap-xs-nowrap css-44sczy-MuiGrid-root"
    >
      <div
        class="MuiGrid-root MuiGrid-item MuiGrid-grid-xs-true css-8moi20-MuiGrid-root"
      >
        <div
          class="MuiFormControl-root MuiFormControl-fullWidth MuiTextField-root css-wb57ya-MuiFormControl-root-MuiTextField-root"
          data-testid="simple-search"
        >
          <div
            class="MuiInputBase-root MuiInput-root MuiInputBase-colorPrimary MuiInputBase-fullWidth MuiInputBase-formControl css-b1iuur-MuiInputBase-root-MuiInput-root"
          >
            <input
              aria-invalid="false"
              aria-label=""
              autocomplete="search"
              class="MuiInputBase-input MuiInput-input MuiInputBase-inputTypeSearch css-c63i49-MuiInputBase-input-MuiInput-input"
              data-analyticsid="simple-search-input"
              data-testid="simple-search-input"
              id="simple-search-input"
              label=""
              placeholder="Search eSpace"
              type="search"
              value=""
            />
          </div>
        </div>
      </div>
    </div>
    <div
      class="MuiBox-root css-10q9jzs"
    >
      <button
        aria-label="Click to search eSpace"
        class="MuiButtonBase-root MuiIconButton-root MuiIconButton-sizeLarge css-bc0omg-MuiButtonBase-root-MuiIconButton-root"
        data-mui-internal-clone-element="true"
        tabindex="0"
        type="button"
      >
        <svg
          aria-hidden="true"
          class="MuiSvgIcon-root MuiSvgIcon-fontSizeMedium css-1gmqj7h-MuiSvgIcon-root"
          data-testid="SearchIcon"
          focusable="false"
          viewBox="0 0 24 24"
        >
          <path
            d="M15.5 14h-.79l-.28-.27C15.41 12.59 16 11.11 16 9.5 16 5.91 13.09 3 9.5 3S3 5.91 3 9.5 5.91 16 9.5 16c1.61 0 3.09-.59 4.23-1.57l.27.28v.79l5 4.99L20.49 19zm-6 0C7.01 14 5 11.99 5 9.5S7.01 5 9.5 5 14 7.01 14 9.5 11.99 14 9.5 14"
          />
        </svg>
      </button>
    </div>
  </form>
</div>
`;

exports[`SimpleSearchComponent should render with default onSearch callback 1`] = `
<div>
  <form
    style="margin: 8px;"
  >
    <div
      class="MuiGrid-root MuiGrid-container MuiGrid-spacing-xs-2 css-ofrcno-MuiGrid-root"
    >
      <div
        class="MuiGrid-root MuiGrid-item MuiGrid-grid-xs-true css-1vd824g-MuiGrid-root"
      >
        <div
          class="MuiFormControl-root MuiFormControl-fullWidth MuiTextField-root css-wb57ya-MuiFormControl-root-MuiTextField-root"
          data-testid="simple-search"
        >
          <label
            class="MuiFormLabel-root MuiInputLabel-root MuiInputLabel-formControl MuiInputLabel-animated MuiInputLabel-shrink MuiInputLabel-sizeMedium MuiInputLabel-standard MuiFormLabel-colorPrimary MuiFormLabel-filled MuiInputLabel-root MuiInputLabel-formControl MuiInputLabel-animated MuiInputLabel-shrink MuiInputLabel-sizeMedium MuiInputLabel-standard css-5afocb-MuiFormLabel-root-MuiInputLabel-root"
            data-shrink="true"
            data-testid="simple-search-label"
            for="simple-search-input"
            id="simple-search-label"
          >
            Search eSpace
          </label>
          <div
            class="MuiInputBase-root MuiInput-root MuiInput-underline MuiInputBase-colorPrimary MuiInputBase-fullWidth MuiInputBase-formControl css-1vg8b0p-MuiInputBase-root-MuiInput-root"
          >
            <input
              aria-invalid="false"
              aria-label="Enter your search query to search eSpace and then press Enter"
              class="MuiInputBase-input MuiInput-input MuiInputBase-inputTypeSearch css-c63i49-MuiInputBase-input-MuiInput-input"
              data-analyticsid="simple-search-input"
              data-testid="simple-search-input"
              id="simple-search-input"
              label="Search eSpace"
              placeholder="Enter your search query to search all fields in eSpace"
              type="search"
              value="new search value"
            />
          </div>
        </div>
      </div>
      <div
        class="MuiGrid-root MuiGrid-item MuiGrid-grid-xs-12 MuiGrid-grid-sm-auto css-pr9bjb-MuiGrid-root"
      >
        <button
          aria-label="Click to search eSpace"
          class="MuiButtonBase-root MuiButton-root MuiButton-contained MuiButton-containedPrimary MuiButton-sizeMedium MuiButton-containedSizeMedium MuiButton-colorPrimary MuiButton-fullWidth MuiButton-root MuiButton-contained MuiButton-containedPrimary MuiButton-sizeMedium MuiButton-containedSizeMedium MuiButton-colorPrimary MuiButton-fullWidth css-1duotrm-MuiButtonBase-root-MuiButton-root"
          data-analyticsid="simple-search-button"
          data-testid="simple-search-button"
          id="simple-search-button"
          tabindex="0"
          type="button"
        >
          Search
        </button>
      </div>
      <div
        class="MuiGrid-root MuiGrid-item MuiGrid-grid-xs-12 MuiGrid-grid-sm-auto css-pr9bjb-MuiGrid-root"
      >
        <button
          aria-label="Click to switch to Advanced search"
          class="MuiButtonBase-root MuiButton-root MuiButton-contained MuiButton-containedDefault MuiButton-sizeMedium MuiButton-containedSizeMedium MuiButton-colorDefault MuiButton-fullWidth MuiButton-root MuiButton-contained MuiButton-containedDefault MuiButton-sizeMedium MuiButton-containedSizeMedium MuiButton-colorDefault MuiButton-fullWidth advancedButton css-7qz7dl-MuiButtonBase-root-MuiButton-root"
          data-analyticsid="show-advanced-search"
          data-testid="show-advanced-search"
          id="show-advanced-search"
          tabindex="0"
          type="button"
        >
          Advanced search
        </button>
      </div>
    </div>
  </form>
</div>
`;

exports[`SimpleSearchComponent should set search value from prop 1`] = `
<div>
  <form
    style="margin: 8px;"
  >
    <div
      class="MuiGrid-root MuiGrid-container MuiGrid-spacing-xs-2 css-ofrcno-MuiGrid-root"
    >
      <div
        class="MuiGrid-root MuiGrid-item MuiGrid-grid-xs-true css-1vd824g-MuiGrid-root"
      >
        <div
          class="MuiFormControl-root MuiFormControl-fullWidth MuiTextField-root css-wb57ya-MuiFormControl-root-MuiTextField-root"
          data-testid="simple-search"
        >
          <label
            class="MuiFormLabel-root MuiInputLabel-root MuiInputLabel-formControl MuiInputLabel-animated MuiInputLabel-shrink MuiInputLabel-sizeMedium MuiInputLabel-standard MuiFormLabel-colorPrimary MuiFormLabel-filled MuiInputLabel-root MuiInputLabel-formControl MuiInputLabel-animated MuiInputLabel-shrink MuiInputLabel-sizeMedium MuiInputLabel-standard css-5afocb-MuiFormLabel-root-MuiInputLabel-root"
            data-shrink="true"
            data-testid="simple-search-label"
            for="simple-search-input"
            id="simple-search-label"
          >
            Search eSpace
          </label>
          <div
            class="MuiInputBase-root MuiInput-root MuiInput-underline MuiInputBase-colorPrimary MuiInputBase-fullWidth MuiInputBase-formControl css-1vg8b0p-MuiInputBase-root-MuiInput-root"
          >
            <input
              aria-invalid="false"
              aria-label="Enter your search query to search eSpace and then press Enter"
              class="MuiInputBase-input MuiInput-input MuiInputBase-inputTypeSearch css-c63i49-MuiInputBase-input-MuiInput-input"
              data-analyticsid="simple-search-input"
              data-testid="simple-search-input"
              id="simple-search-input"
              label="Search eSpace"
              placeholder="Enter your search query to search all fields in eSpace"
              type="search"
              value="i feel lucky"
            />
          </div>
        </div>
      </div>
      <div
        class="MuiGrid-root MuiGrid-item MuiGrid-grid-xs-12 MuiGrid-grid-sm-auto css-pr9bjb-MuiGrid-root"
      >
        <button
          aria-label="Click to search eSpace"
          class="MuiButtonBase-root MuiButton-root MuiButton-contained MuiButton-containedPrimary MuiButton-sizeMedium MuiButton-containedSizeMedium MuiButton-colorPrimary MuiButton-fullWidth MuiButton-root MuiButton-contained MuiButton-containedPrimary MuiButton-sizeMedium MuiButton-containedSizeMedium MuiButton-colorPrimary MuiButton-fullWidth css-1duotrm-MuiButtonBase-root-MuiButton-root"
          data-analyticsid="simple-search-button"
          data-testid="simple-search-button"
          id="simple-search-button"
          tabindex="0"
          type="button"
        >
          Search
        </button>
      </div>
      <div
        class="MuiGrid-root MuiGrid-item MuiGrid-grid-xs-12 MuiGrid-grid-sm-auto css-pr9bjb-MuiGrid-root"
      >
        <button
          aria-label="Click to switch to Advanced search"
          class="MuiButtonBase-root MuiButton-root MuiButton-contained MuiButton-containedDefault MuiButton-sizeMedium MuiButton-containedSizeMedium MuiButton-colorDefault MuiButton-fullWidth MuiButton-root MuiButton-contained MuiButton-containedDefault MuiButton-sizeMedium MuiButton-containedSizeMedium MuiButton-colorDefault MuiButton-fullWidth advancedButton css-7qz7dl-MuiButtonBase-root-MuiButton-root"
          data-analyticsid="show-advanced-search"
          data-testid="show-advanced-search"
          id="show-advanced-search"
          tabindex="0"
          type="button"
        >
          Advanced search
        </button>
      </div>
    </div>
  </form>
</div>
`;

exports[`SimpleSearchComponent should show prefix icon when in header 1`] = `
<div>
  <form
    style="margin: 8px;"
  >
    <div
      class="MuiGrid-root MuiGrid-container MuiGrid-spacing-xs-1 MuiGrid-wrap-xs-nowrap headerClass css-44sczy-MuiGrid-root"
    >
      <div
        class="MuiGrid-root MuiGrid-item MuiGrid-grid-xs-auto css-1g2tota-MuiGrid-root"
      >
        <svg
          aria-hidden="true"
          class="MuiSvgIcon-root MuiSvgIcon-fontSizeMedium searchIconPrefix css-iu4k2w-MuiSvgIcon-root"
          data-testid="SearchIcon"
          focusable="false"
          viewBox="0 0 24 24"
        >
          <path
            d="M15.5 14h-.79l-.28-.27C15.41 12.59 16 11.11 16 9.5 16 5.91 13.09 3 9.5 3S3 5.91 3 9.5 5.91 16 9.5 16c1.61 0 3.09-.59 4.23-1.57l.27.28v.79l5 4.99L20.49 19zm-6 0C7.01 14 5 11.99 5 9.5S7.01 5 9.5 5 14 7.01 14 9.5 11.99 14 9.5 14"
          />
        </svg>
      </div>
      <div
        class="MuiGrid-root MuiGrid-item MuiGrid-grid-xs-true css-8moi20-MuiGrid-root"
      >
        <div
          class="MuiFormControl-root MuiFormControl-fullWidth MuiTextField-root css-wb57ya-MuiFormControl-root-MuiTextField-root"
          data-testid="simple-search"
        >
          <div
            class="MuiInputBase-root MuiInput-root MuiInputBase-colorPrimary MuiInputBase-fullWidth MuiInputBase-formControl css-b1iuur-MuiInputBase-root-MuiInput-root"
          >
            <input
              aria-invalid="false"
              aria-label=""
              autocomplete="search"
              class="MuiInputBase-input MuiInput-input MuiInputBase-inputTypeSearch css-c63i49-MuiInputBase-input-MuiInput-input"
              data-analyticsid="simple-search-input"
              data-testid="simple-search-input"
              id="simple-search-input"
              label=""
              placeholder="Search eSpace"
              type="search"
              value=""
            />
          </div>
        </div>
      </div>
    </div>
    <div
      class="MuiBox-root css-10q9jzs"
    >
      <button
        aria-label="Click to search eSpace"
        class="MuiButtonBase-root MuiIconButton-root MuiIconButton-sizeLarge css-bc0omg-MuiButtonBase-root-MuiIconButton-root"
        data-mui-internal-clone-element="true"
        tabindex="0"
        type="button"
      >
        <svg
          aria-hidden="true"
          class="MuiSvgIcon-root MuiSvgIcon-fontSizeMedium css-1gmqj7h-MuiSvgIcon-root"
          data-testid="SearchIcon"
          focusable="false"
          viewBox="0 0 24 24"
        >
          <path
            d="M15.5 14h-.79l-.28-.27C15.41 12.59 16 11.11 16 9.5 16 5.91 13.09 3 9.5 3S3 5.91 3 9.5 5.91 16 9.5 16c1.61 0 3.09-.59 4.23-1.57l.27.28v.79l5 4.99L20.49 19zm-6 0C7.01 14 5 11.99 5 9.5S7.01 5 9.5 5 14 7.01 14 9.5 11.99 14 9.5 14"
          />
        </svg>
      </button>
    </div>
  </form>
</div>
`;
