// Jest Snapshot v1, https://goo.gl/fbAQLP

exports[`Component ThirdPartyLookupTool renders a results screen 1`] = `
<div>
  <div
    class="MuiGrid-root MuiGrid-container StandardPage css-11lq3yg-MuiGrid-root"
  >
    <div
      class="MuiGrid-root MuiGrid-item MuiGrid-grid-xs-true css-1vd824g-MuiGrid-root"
    >
      <h2
        class="MuiTypography-root MuiTypography-body1 css-v2c8i0-MuiTypography-root"
        data-analyticsid="page-title"
        data-testid="page-title"
        id="page-title"
      >
        Lookup Tools - view raw output from APIs
      </h2>
    </div>
    <div
      class="MuiGrid-root MuiGrid-item MuiGrid-grid-xs-12 css-1idn90j-MuiGrid-root"
    />
    <div
      class="MuiGrid-root MuiGrid-item css-1guqyqn-MuiGrid-root"
    >
      <div
        class="MuiGrid-root MuiGrid-container MuiGrid-spacing-xs-3 css-zow5z4-MuiGrid-root"
      >
        <div
          class="MuiGrid-root MuiGrid-item MuiGrid-grid-xs-12 css-1idn90j-MuiGrid-root"
        >
          <div
            class="MuiPaper-root MuiPaper-elevation MuiPaper-rounded MuiPaper-elevation1 MuiCard-root StandardCard css-985319-MuiPaper-root-MuiCard-root"
            data-testid="standard-card"
            id="standard-card"
          >
            <div
              class="MuiCardHeader-root css-16c6n48-MuiCardHeader-root"
            >
              <div
                class="MuiCardHeader-content css-1qbkelo-MuiCardHeader-content"
              />
            </div>
            <div
              class="MuiCardContent-root css-46bh2p-MuiCardContent-root"
              data-analyticsid="standard-card-content"
              data-testid="standard-card-content"
              id="standard-card-content"
            >
              <p>
                 - 
              </p>
              <div
                class="MuiPaper-root MuiPaper-elevation MuiPaper-rounded MuiPaper-elevation1 MuiCard-root StandardCard css-985319-MuiPaper-root-MuiCard-root"
                data-testid="standard-card-results"
                id="standard-card-results"
              >
                <div
                  class="MuiCardHeader-root css-16c6n48-MuiCardHeader-root"
                >
                  <div
                    class="MuiCardHeader-content css-1qbkelo-MuiCardHeader-content"
                  >
                    <h3
                      class="MuiTypography-root MuiTypography-h5 MuiCardHeader-title css-1hzv55z-MuiTypography-root"
                      data-testid="standard-card-results-header"
                      id="standard-card-results-header"
                    >
                      Results
                    </h3>
                  </div>
                </div>
                <div
                  class="MuiCardContent-root css-46bh2p-MuiCardContent-root"
                  data-analyticsid="standard-card-results-content"
                  data-testid="standard-card-results-content"
                  id="standard-card-results-content"
                >
                  <pre>
                    [
  "blah blah blah"
]
                  </pre>
                </div>
              </div>
              <button
                class="MuiButtonBase-root MuiButton-root MuiButton-contained MuiButton-containedPrimary MuiButton-sizeMedium MuiButton-containedSizeMedium MuiButton-root MuiButton-contained MuiButton-containedPrimary MuiButton-sizeMedium MuiButton-containedSizeMedium css-argx73-MuiButtonBase-root-MuiButton-root"
                style="margin-top: 20px;"
                tabindex="0"
                type="button"
              >
                New Search
              </button>
            </div>
          </div>
        </div>
      </div>
    </div>
  </div>
</div>
`;

exports[`Component ThirdPartyLookupTool renders loading screen while loading data 1`] = `
<div>
  <div
    class="MuiGrid-root MuiGrid-container StandardPage css-11lq3yg-MuiGrid-root"
  >
    <div
      class="MuiGrid-root MuiGrid-item MuiGrid-grid-xs-true css-1vd824g-MuiGrid-root"
    >
      <h2
        class="MuiTypography-root MuiTypography-body1 css-v2c8i0-MuiTypography-root"
        data-analyticsid="page-title"
        data-testid="page-title"
        id="page-title"
      >
        Lookup Tools - view raw output from APIs
      </h2>
    </div>
    <div
      class="MuiGrid-root MuiGrid-item MuiGrid-grid-xs-12 css-1idn90j-MuiGrid-root"
    />
    <div
      class="MuiGrid-root MuiGrid-item css-1guqyqn-MuiGrid-root"
    >
      <div
        style="padding: 8px;"
      >
        <div
          class="MuiGrid-root MuiGrid-container MuiGrid-spacing-xs-1 css-qiawb8-MuiGrid-root"
        >
          <div
            class="MuiGrid-root MuiGrid-item MuiGrid-grid-xs-true css-5os2wf-MuiGrid-root"
          />
          <div
            class="MuiGrid-root MuiGrid-item MuiGrid-grid-xs-auto css-1wrgmsj-MuiGrid-root"
            style="text-align: center;"
          >
            <span
              aria-label="Loading"
              class="MuiCircularProgress-root MuiCircularProgress-indeterminate MuiCircularProgress-colorPrimary css-u4ps4u-MuiCircularProgress-root"
              role="progressbar"
              style="width: 18px; height: 18px;"
            >
              <svg
                class="MuiCircularProgress-svg css-1idz92c-MuiCircularProgress-svg"
                viewBox="22 22 44 44"
              >
                <circle
                  class="MuiCircularProgress-circle MuiCircularProgress-circleIndeterminate css-176wh8e-MuiCircularProgress-circle"
                  cx="44"
                  cy="44"
                  fill="none"
                  r="21"
                  stroke-width="2"
                />
              </svg>
            </span>
          </div>
          <div
            class="MuiGrid-root MuiGrid-item MuiGrid-grid-xs-auto css-1wrgmsj-MuiGrid-root"
            style="text-align: center;"
          >
            <span
              class="MuiTypography-root MuiTypography-h5 css-1q4fwm5-MuiTypography-root"
              style="font-size: 1.33rem;"
            >
              Loading
            </span>
          </div>
          <div
            class="MuiGrid-root MuiGrid-item MuiGrid-grid-xs-true css-5os2wf-MuiGrid-root"
          />
        </div>
      </div>
    </div>
  </div>
</div>
`;

exports[`Component ThirdPartyLookupTool should render a form ready for input 1`] = `
<div>
  <div
    class="MuiGrid-root MuiGrid-container StandardPage css-11lq3yg-MuiGrid-root"
  >
    <div
      class="MuiGrid-root MuiGrid-item MuiGrid-grid-xs-true css-1vd824g-MuiGrid-root"
    >
      <h2
        class="MuiTypography-root MuiTypography-body1 css-v2c8i0-MuiTypography-root"
        data-analyticsid="page-title"
        data-testid="page-title"
        id="page-title"
      >
        Lookup Tools - view raw output from APIs
      </h2>
    </div>
    <div
      class="MuiGrid-root MuiGrid-item MuiGrid-grid-xs-12 css-1idn90j-MuiGrid-root"
    />
    <div
      class="MuiGrid-root MuiGrid-item css-1guqyqn-MuiGrid-root"
    >
      <div
        class="MuiGrid-root MuiGrid-container MuiGrid-spacing-xs-3 css-zow5z4-MuiGrid-root"
      >
        <div
          class="MuiGrid-root MuiGrid-item MuiGrid-grid-xs-12 css-1idn90j-MuiGrid-root"
        >
          <div
            class="MuiPaper-root MuiPaper-elevation MuiPaper-rounded MuiPaper-elevation1 MuiCard-root StandardCard css-985319-MuiPaper-root-MuiCard-root"
            data-testid="standard-card"
            id="standard-card"
          >
            <div
              class="MuiCardContent-root css-46bh2p-MuiCardContent-root"
              data-analyticsid="standard-card-content"
              data-testid="standard-card-content"
              id="standard-card-content"
            >
              <div
                class="MuiGrid-root MuiGrid-container MuiGrid-spacing-xs-3 css-zow5z4-MuiGrid-root"
              >
                <div
                  class="MuiGrid-root MuiGrid-item css-13i4rnv-MuiGrid-root"
                  style="flex-grow: 1; width: 1px;"
                >
                  <h5
                    class="MuiTypography-root MuiTypography-h5 css-19cmg10-MuiTypography-root"
                  >
                    Incites
                  </h5>
                </div>
                <div
                  class="MuiGrid-root MuiGrid-item css-13i4rnv-MuiGrid-root"
                >
                  <button
                    class="MuiButtonBase-root MuiIconButton-root MuiIconButton-sizeLarge css-bc0omg-MuiButtonBase-root-MuiIconButton-root"
                    data-testid="minimise-toggle"
                    tabindex="0"
                    tooltip="Hide form for Incites"
                    type="button"
                  >
                    <svg
                      aria-hidden="true"
                      class="MuiSvgIcon-root MuiSvgIcon-fontSizeMedium css-i4bv87-MuiSvgIcon-root"
                      data-testid="KeyboardArrowUpIcon"
                      focusable="false"
                      viewBox="0 0 24 24"
                    >
                      <path
                        d="M7.41 15.41 12 10.83l4.59 4.58L18 14l-6-6-6 6z"
                      />
                    </svg>
                  </button>
                </div>
              </div>
              <form>
                <p />
                <div>
                  <h4>
                    UTs
                  </h4>
                  <p />
                  <div
                    class="MuiFormControl-root MuiFormControl-fullWidth MuiTextField-root primaryValue css-wb57ya-MuiFormControl-root-MuiTextField-root"
                  >
                    <div
                      class="MuiInputBase-root MuiInput-root MuiInput-underline MuiInputBase-colorPrimary MuiInputBase-fullWidth MuiInputBase-formControl css-1vg8b0p-MuiInputBase-root-MuiInput-root"
                    >
                      <input
                        aria-invalid="false"
                        aria-label="primaryValue"
                        class="MuiInputBase-input MuiInput-input css-1x51dt5-MuiInputBase-input-MuiInput-input"
                        id=":r0:"
                        name="primaryValue"
                        placeholder="Enter one or more UTs separated by a comma e.g. 000455548800001"
                        required=""
                        type="text"
                        value=""
                      />
                    </div>
                  </div>
                </div>
                <div>
                  <h4>
                    API Key
                  </h4>
                  <p>
                    Optional, a default key is provided. Limit: 1,000 queries per day
                  </p>
                  <div
                    class="MuiFormControl-root MuiFormControl-fullWidth MuiTextField-root secondaryValue css-wb57ya-MuiFormControl-root-MuiTextField-root"
                  >
                    <div
                      class="MuiInputBase-root MuiInput-root MuiInput-underline MuiInputBase-colorPrimary MuiInputBase-fullWidth MuiInputBase-formControl css-1vg8b0p-MuiInputBase-root-MuiInput-root"
                    >
                      <input
                        aria-invalid="false"
                        aria-label="secondaryValue"
                        class="MuiInputBase-input MuiInput-input css-1x51dt5-MuiInputBase-input-MuiInput-input"
                        id=":r1:"
                        name="secondaryValue"
                        placeholder="Enter API key"
                        type="text"
                        value=""
                      />
                    </div>
                  </div>
                </div>
                <p />
                <button
                  aria-label="Submit to Incites"
                  class="MuiButtonBase-root MuiButton-root MuiButton-contained MuiButton-containedPrimary MuiButton-sizeMedium MuiButton-containedSizeMedium MuiButton-root MuiButton-contained MuiButton-containedPrimary MuiButton-sizeMedium MuiButton-containedSizeMedium css-argx73-MuiButtonBase-root-MuiButton-root"
                  tabindex="0"
                  type="button"
                >
                  Submit to Incites
                </button>
              </form>
            </div>
          </div>
        </div>
      </div>
    </div>
  </div>
</div>
`;

exports[`Component ThirdPartyLookupTool should set state with submitted data 1`] = `
<div>
  <div
    class="MuiGrid-root MuiGrid-container StandardPage css-11lq3yg-MuiGrid-root"
  >
    <div
      class="MuiGrid-root MuiGrid-item MuiGrid-grid-xs-true css-1vd824g-MuiGrid-root"
    >
      <h2
        class="MuiTypography-root MuiTypography-body1 css-v2c8i0-MuiTypography-root"
        data-analyticsid="page-title"
        data-testid="page-title"
        id="page-title"
      >
        Lookup Tools - view raw output from APIs
      </h2>
    </div>
    <div
      class="MuiGrid-root MuiGrid-item MuiGrid-grid-xs-12 css-1idn90j-MuiGrid-root"
    />
    <div
      class="MuiGrid-root MuiGrid-item css-1guqyqn-MuiGrid-root"
    >
      <div
        class="MuiGrid-root MuiGrid-container MuiGrid-spacing-xs-3 css-zow5z4-MuiGrid-root"
      >
        <div
          class="MuiGrid-root MuiGrid-item MuiGrid-grid-xs-12 css-1idn90j-MuiGrid-root"
        >
          <div
            class="MuiPaper-root MuiPaper-elevation MuiPaper-rounded MuiPaper-elevation1 MuiCard-root StandardCard css-985319-MuiPaper-root-MuiCard-root"
            data-testid="standard-card"
            id="standard-card"
          >
            <div
              class="MuiCardContent-root css-46bh2p-MuiCardContent-root"
              data-analyticsid="standard-card-content"
              data-testid="standard-card-content"
              id="standard-card-content"
            >
              <div
                class="MuiGrid-root MuiGrid-container MuiGrid-spacing-xs-3 css-zow5z4-MuiGrid-root"
              >
                <div
                  class="MuiGrid-root MuiGrid-item css-13i4rnv-MuiGrid-root"
                  style="flex-grow: 1; width: 1px;"
                >
                  <h5
                    class="MuiTypography-root MuiTypography-h5 css-19cmg10-MuiTypography-root"
                  >
                    Incites
                  </h5>
                </div>
                <div
                  class="MuiGrid-root MuiGrid-item css-13i4rnv-MuiGrid-root"
                >
                  <button
                    class="MuiButtonBase-root MuiIconButton-root MuiIconButton-sizeLarge css-bc0omg-MuiButtonBase-root-MuiIconButton-root"
                    data-testid="minimise-toggle"
                    tabindex="0"
                    tooltip="Hide form for Incites"
                    type="button"
                  >
                    <svg
                      aria-hidden="true"
                      class="MuiSvgIcon-root MuiSvgIcon-fontSizeMedium css-i4bv87-MuiSvgIcon-root"
                      data-testid="KeyboardArrowUpIcon"
                      focusable="false"
                      viewBox="0 0 24 24"
                    >
                      <path
                        d="M7.41 15.41 12 10.83l4.59 4.58L18 14l-6-6-6 6z"
                      />
                    </svg>
                  </button>
                </div>
              </div>
              <form>
                <p />
                <div>
                  <h4>
                    UTs
                  </h4>
                  <p />
                  <div
                    class="MuiFormControl-root MuiFormControl-fullWidth MuiTextField-root primaryValue css-wb57ya-MuiFormControl-root-MuiTextField-root"
                  >
                    <div
                      class="MuiInputBase-root MuiInput-root MuiInput-underline MuiInputBase-colorPrimary MuiInputBase-fullWidth MuiInputBase-formControl css-1vg8b0p-MuiInputBase-root-MuiInput-root"
                    >
                      <input
                        aria-invalid="false"
                        aria-label="primaryValue"
                        class="MuiInputBase-input MuiInput-input css-1x51dt5-MuiInputBase-input-MuiInput-input"
                        id=":r2:"
                        name="primaryValue"
                        placeholder="Enter one or more UTs separated by a comma e.g. 000455548800001"
                        required=""
                        type="text"
                        value=""
                      />
                    </div>
                  </div>
                </div>
                <div>
                  <h4>
                    API Key
                  </h4>
                  <p>
                    Optional, a default key is provided. Limit: 1,000 queries per day
                  </p>
                  <div
                    class="MuiFormControl-root MuiFormControl-fullWidth MuiTextField-root secondaryValue css-wb57ya-MuiFormControl-root-MuiTextField-root"
                  >
                    <div
                      class="MuiInputBase-root MuiInput-root MuiInput-underline MuiInputBase-colorPrimary MuiInputBase-fullWidth MuiInputBase-formControl css-1vg8b0p-MuiInputBase-root-MuiInput-root"
                    >
                      <input
                        aria-invalid="false"
                        aria-label="secondaryValue"
                        class="MuiInputBase-input MuiInput-input css-1x51dt5-MuiInputBase-input-MuiInput-input"
                        id=":r3:"
                        name="secondaryValue"
                        placeholder="Enter API key"
                        type="text"
                        value=""
                      />
                    </div>
                  </div>
                </div>
                <p />
                <button
                  aria-label="Submit to Incites"
                  class="MuiButtonBase-root MuiButton-root MuiButton-contained MuiButton-containedPrimary MuiButton-sizeMedium MuiButton-containedSizeMedium MuiButton-root MuiButton-contained MuiButton-containedPrimary MuiButton-sizeMedium MuiButton-containedSizeMedium css-argx73-MuiButtonBase-root-MuiButton-root"
                  tabindex="0"
                  type="button"
                >
                  Submit to Incites
                </button>
              </form>
            </div>
          </div>
        </div>
      </div>
    </div>
  </div>
</div>
`;
