// Jest Snapshot v1, https://goo.gl/fbAQLP

exports[`Component AppLoader should render as expected 1`] = `
<div>
  <div
    class="MuiGridLegacy-root MuiGridLegacy-container css-1tn8p30-MuiGridLegacy-root"
  >
    <div
      class="MuiGridLegacy-root MuiGridLegacy-item css-ejcx5-MuiGridLegacy-root"
    >
      <span
        class="MuiCircularProgress-root MuiCircularProgress-indeterminate MuiCircularProgress-colorPrimary css-1jb97hd-MuiCircularProgress-root"
        role="progressbar"
        style="width: 80px; height: 80px;"
      >
        <svg
          class="MuiCircularProgress-svg css-54pwck-MuiCircularProgress-svg"
          viewBox="22 22 44 44"
        >
          <circle
            class="MuiCircularProgress-circle MuiCircularProgress-circleIndeterminate css-19t5dcl-MuiCircularProgress-circle"
            cx="44"
            cy="44"
            fill="none"
            r="21.5"
            stroke-width="1"
          />
        </svg>
      </span>
    </div>
    <div
      class="MuiGridLegacy-root MuiGridLegacy-item css-ejcx5-MuiGridLegacy-root"
    >
      <div
        alt="Fez logo"
        class="http://image/image.svg MuiBox-root css-1domaf0"
      />
    </div>
    <div
      class="MuiGridLegacy-root MuiGridLegacy-item css-ejcx5-MuiGridLegacy-root"
    >
      <h6
        class="MuiTypography-root MuiTypography-h6 css-12tzrfb-MuiTypography-root"
      >
        Fez frontend
      </h6>
    </div>
  </div>
</div>
`;
