// Jest Snapshot v1, https://goo.gl/fbAQLP

exports[`Thumbnail component should render component 1`] = `
<div>
  <a
    data-testid="preview-link-undefined"
    id="preview-link-undefined"
    title="Click to open a preview of /test/mediaUrl"
  >
    <svg
      aria-hidden="true"
      class="MuiSvgIcon-root MuiSvgIcon-colorSecondary MuiSvgIcon-fontSizeMedium css-1l910iq-MuiSvgIcon-root"
      data-testid="LockIcon"
      focusable="false"
      viewBox="0 0 24 24"
    >
      <path
        d="M18 8h-1V6c0-2.76-2.24-5-5-5S7 3.24 7 6v2H6c-1.1 0-2 .9-2 2v10c0 1.1.9 2 2 2h12c1.1 0 2-.9 2-2V10c0-1.1-.9-2-2-2m-6 9c-1.1 0-2-.9-2-2s.9-2 2-2 2 .9 2 2-.9 2-2 2m3.1-9H8.9V6c0-1.71 1.39-3.1 3.1-3.1 1.71 0 3.1 1.39 3.1 3.1z"
      />
    </svg>
  </a>
</div>
`;
