// Jest Snapshot v1, https://goo.gl/fbAQLP

exports[`Component Masquerade Should render form as expected 1`] = `
<div>
  <div
    class="MuiGrid-root MuiGrid-container StandardPage css-11lq3yg-MuiGrid-root"
  >
    <div
      class="MuiGrid-root MuiGrid-item MuiGrid-grid-xs-12 css-1idn90j-MuiGrid-root"
    />
    <div
      class="MuiGrid-root MuiGrid-item css-1guqyqn-MuiGrid-root"
    >
      <div
        class="MuiPaper-root MuiPaper-elevation MuiPaper-rounded MuiPaper-elevation1 MuiCard-root StandardCard css-985319-MuiPaper-root-MuiCard-root"
        data-testid="standard-card-masquerade"
        id="standard-card-masquerade"
      >
        <div
          class="MuiCardHeader-root css-16c6n48-MuiCardHeader-root"
        >
          <div
            class="MuiCardHeader-content css-1qbkelo-MuiCardHeader-content"
          >
            <h3
              class="MuiTypography-root MuiTypography-h5 MuiCardHeader-title css-1hzv55z-MuiTypography-root"
              data-testid="standard-card-masquerade-header"
              id="standard-card-masquerade-header"
            >
              Masquerade
            </h3>
          </div>
          <div
            class="MuiCardHeader-action css-sgoict-MuiCardHeader-action"
          >
            <button
              aria-label="Click for more information"
              class="MuiButtonBase-root MuiIconButton-root MuiIconButton-sizeMedium css-whz9ym-MuiButtonBase-root-MuiIconButton-root"
              data-analyticsid="help-icon"
              data-mui-internal-clone-element="true"
              data-testid="help-icon"
              id="help-icon"
              tabindex="0"
              type="button"
            >
              <svg
                class="MuiSvgIcon-root MuiSvgIcon-fontSizeMedium css-16iszhv-MuiSvgIcon-root"
                data-testid="HelpOutlineIcon"
                focusable="false"
                role="img"
                viewBox="0 0 24 24"
              >
                <path
                  d="M11 18h2v-2h-2zm1-16C6.48 2 2 6.48 2 12s4.48 10 10 10 10-4.48 10-10S17.52 2 12 2m0 18c-4.41 0-8-3.59-8-8s3.59-8 8-8 8 3.59 8 8-3.59 8-8 8m0-14c-2.21 0-4 1.79-4 4h2c0-1.1.9-2 2-2s2 .9 2 2c0 2-3 1.75-3 5h2c0-2.25 3-2.5 3-5 0-2.21-1.79-4-4-4"
                />
                <title>
                  Click for more information
                </title>
              </svg>
            </button>
          </div>
        </div>
        <div
          class="MuiCardContent-root css-46bh2p-MuiCardContent-root"
          data-analyticsid="standard-card-masquerade-content"
          data-testid="standard-card-masquerade-content"
          id="standard-card-masquerade-content"
        >
          <p
            class="MuiTypography-root MuiTypography-body1 css-u1nwny-MuiTypography-root"
          >
            <strong>
              WARNING!!
            </strong>
             When masquerading as a user, you will effectively become that user, and changes you make will apply to the account!
          </p>
          <div
            class="MuiGrid-root MuiGrid-container MuiGrid-spacing-xs-3 css-1vne64g-MuiGrid-root"
            style="margin-top: 12px;"
          >
            <div
              class="MuiGrid-root MuiGrid-item MuiGrid-grid-xs-true css-1vd824g-MuiGrid-root"
            >
              <div
                class="MuiFormControl-root MuiFormControl-fullWidth MuiTextField-root css-wb57ya-MuiFormControl-root-MuiTextField-root"
              >
                <label
                  class="MuiFormLabel-root MuiInputLabel-root MuiInputLabel-formControl MuiInputLabel-animated MuiInputLabel-sizeMedium MuiInputLabel-standard MuiFormLabel-colorPrimary MuiInputLabel-root MuiInputLabel-formControl MuiInputLabel-animated MuiInputLabel-sizeMedium MuiInputLabel-standard css-h9aup-MuiFormLabel-root-MuiInputLabel-root"
                  data-shrink="false"
                  for="userName"
                  id="userName-label"
                >
                  Enter a UQ staff or student username (eg. uqjsmith1 or s123456)
                </label>
                <div
                  class="MuiInputBase-root MuiInput-root MuiInput-underline MuiInputBase-colorPrimary MuiInputBase-fullWidth MuiInputBase-formControl css-1vg8b0p-MuiInputBase-root-MuiInput-root"
                >
                  <input
                    aria-invalid="false"
                    class="MuiInputBase-input MuiInput-input css-1x51dt5-MuiInputBase-input-MuiInput-input"
                    id="userName"
                    type="text"
                    value=""
                  />
                </div>
              </div>
            </div>
            <div
              class="MuiGrid-root MuiGrid-item MuiGrid-grid-xs-12 MuiGrid-grid-sm-auto css-pr9bjb-MuiGrid-root"
            >
              <button
                class="MuiButtonBase-root MuiButton-root MuiButton-contained MuiButton-containedPrimary MuiButton-sizeMedium MuiButton-containedSizeMedium MuiButton-colorPrimary MuiButton-fullWidth MuiButton-root MuiButton-contained MuiButton-containedPrimary MuiButton-sizeMedium MuiButton-containedSizeMedium MuiButton-colorPrimary MuiButton-fullWidth css-1duotrm-MuiButtonBase-root-MuiButton-root"
                data-analyticsid="submitMasquerade"
                data-testid="submit-masquerade"
                id="submitMasquerade"
                tabindex="0"
                type="button"
              >
                Masquerade
              </button>
            </div>
          </div>
        </div>
      </div>
    </div>
  </div>
</div>
`;

exports[`Component Masquerade Should render readonly description 1`] = `
<div>
  <div
    class="MuiGrid-root MuiGrid-container StandardPage css-11lq3yg-MuiGrid-root"
  >
    <div
      class="MuiGrid-root MuiGrid-item MuiGrid-grid-xs-12 css-1idn90j-MuiGrid-root"
    />
    <div
      class="MuiGrid-root MuiGrid-item css-1guqyqn-MuiGrid-root"
    >
      <div
        class="MuiPaper-root MuiPaper-elevation MuiPaper-rounded MuiPaper-elevation1 MuiCard-root StandardCard css-985319-MuiPaper-root-MuiCard-root"
        data-testid="standard-card-masquerade"
        id="standard-card-masquerade"
      >
        <div
          class="MuiCardHeader-root css-16c6n48-MuiCardHeader-root"
        >
          <div
            class="MuiCardHeader-content css-1qbkelo-MuiCardHeader-content"
          >
            <h3
              class="MuiTypography-root MuiTypography-h5 MuiCardHeader-title css-1hzv55z-MuiTypography-root"
              data-testid="standard-card-masquerade-header"
              id="standard-card-masquerade-header"
            >
              Masquerade
            </h3>
          </div>
          <div
            class="MuiCardHeader-action css-sgoict-MuiCardHeader-action"
          >
            <button
              aria-label="Click for more information"
              class="MuiButtonBase-root MuiIconButton-root MuiIconButton-sizeMedium css-whz9ym-MuiButtonBase-root-MuiIconButton-root"
              data-analyticsid="help-icon"
              data-mui-internal-clone-element="true"
              data-testid="help-icon"
              id="help-icon"
              tabindex="0"
              type="button"
            >
              <svg
                class="MuiSvgIcon-root MuiSvgIcon-fontSizeMedium css-16iszhv-MuiSvgIcon-root"
                data-testid="HelpOutlineIcon"
                focusable="false"
                role="img"
                viewBox="0 0 24 24"
              >
                <path
                  d="M11 18h2v-2h-2zm1-16C6.48 2 2 6.48 2 12s4.48 10 10 10 10-4.48 10-10S17.52 2 12 2m0 18c-4.41 0-8-3.59-8-8s3.59-8 8-8 8 3.59 8 8-3.59 8-8 8m0-14c-2.21 0-4 1.79-4 4h2c0-1.1.9-2 2-2s2 .9 2 2c0 2-3 1.75-3 5h2c0-2.25 3-2.5 3-5 0-2.21-1.79-4-4-4"
                />
                <title>
                  Click for more information
                </title>
              </svg>
            </button>
          </div>
        </div>
        <div
          class="MuiCardContent-root css-46bh2p-MuiCardContent-root"
          data-analyticsid="standard-card-masquerade-content"
          data-testid="standard-card-masquerade-content"
          id="standard-card-masquerade-content"
        >
          <p
            class="MuiTypography-root MuiTypography-body1 css-u1nwny-MuiTypography-root"
          >
            <strong>
              NOTE:
            </strong>
             As a read-only masquerader, you can view all parts of the profile, but you are not able to make any changes to the account.
          </p>
          <div
            class="MuiGrid-root MuiGrid-container MuiGrid-spacing-xs-3 css-1vne64g-MuiGrid-root"
            style="margin-top: 12px;"
          >
            <div
              class="MuiGrid-root MuiGrid-item MuiGrid-grid-xs-true css-1vd824g-MuiGrid-root"
            >
              <div
                class="MuiFormControl-root MuiFormControl-fullWidth MuiTextField-root css-wb57ya-MuiFormControl-root-MuiTextField-root"
              >
                <label
                  class="MuiFormLabel-root MuiInputLabel-root MuiInputLabel-formControl MuiInputLabel-animated MuiInputLabel-sizeMedium MuiInputLabel-standard MuiFormLabel-colorPrimary MuiInputLabel-root MuiInputLabel-formControl MuiInputLabel-animated MuiInputLabel-sizeMedium MuiInputLabel-standard css-h9aup-MuiFormLabel-root-MuiInputLabel-root"
                  data-shrink="false"
                  for="userName"
                  id="userName-label"
                >
                  Enter a UQ staff or student username (eg. uqjsmith1 or s123456)
                </label>
                <div
                  class="MuiInputBase-root MuiInput-root MuiInput-underline MuiInputBase-colorPrimary MuiInputBase-fullWidth MuiInputBase-formControl css-1vg8b0p-MuiInputBase-root-MuiInput-root"
                >
                  <input
                    aria-invalid="false"
                    class="MuiInputBase-input MuiInput-input css-1x51dt5-MuiInputBase-input-MuiInput-input"
                    id="userName"
                    type="text"
                    value=""
                  />
                </div>
              </div>
            </div>
            <div
              class="MuiGrid-root MuiGrid-item MuiGrid-grid-xs-12 MuiGrid-grid-sm-auto css-pr9bjb-MuiGrid-root"
            >
              <button
                class="MuiButtonBase-root MuiButton-root MuiButton-contained MuiButton-containedPrimary MuiButton-sizeMedium MuiButton-containedSizeMedium MuiButton-colorPrimary MuiButton-fullWidth MuiButton-root MuiButton-contained MuiButton-containedPrimary MuiButton-sizeMedium MuiButton-containedSizeMedium MuiButton-colorPrimary MuiButton-fullWidth css-1duotrm-MuiButtonBase-root-MuiButton-root"
                data-analyticsid="submitMasquerade"
                data-testid="submit-masquerade"
                id="submitMasquerade"
                tabindex="0"
                type="button"
              >
                Masquerade
              </button>
            </div>
          </div>
        </div>
      </div>
    </div>
  </div>
</div>
`;
