// Jest Snapshot v1, https://goo.gl/fbAQLP

exports[`PatentForm renders  component 1`] = `
<WithStyles(ForwardRef(Grid))
  container={true}
  spacing={3}
>
  <WithStyles(ForwardRef(Grid))
    item={true}
    xs={12}
  >
    <StandardCard
      title="Patent information"
    >
      <WithStyles(ForwardRef(Grid))
        container={true}
        spacing={2}
      >
        <WithStyles(ForwardRef(Grid))
          item={true}
          xs={12}
        >
          <Field
            autoFocus={true}
            component={
              Object {
                "$$typeof": Symbol(react.forward_ref),
                "propTypes": Object {
                  "classes": [Function],
                  "help": [Function],
                  "innerRef": [Function],
                  "textFieldId": [Function],
                },
                "render": [Function],
              }
            }
            disabled={false}
            fullWidth={true}
            label="Title of patent"
            multiline={true}
            name="rek_title"
            required={true}
            rows={3}
            type="text"
            validate={
              Array [
                [Function],
              ]
            }
          />
        </WithStyles(ForwardRef(Grid))>
        <WithStyles(ForwardRef(Grid))
          item={true}
          sm={6}
          xs={12}
        >
          <Field
            component={
              Object {
                "$$typeof": Symbol(react.forward_ref),
                "propTypes": Object {
                  "classes": [Function],
                  "help": [Function],
                  "innerRef": [Function],
                  "textFieldId": [Function],
                },
                "render": [Function],
              }
            }
            disabled={false}
            fullWidth={true}
            label="Patent number"
            name="fez_record_search_key_patent_number.rek_patent_number"
            type="text"
          />
        </WithStyles(ForwardRef(Grid))>
        <WithStyles(ForwardRef(Grid))
          item={true}
          sm={6}
          xs={12}
        >
          <Field
            allowPartial={true}
            className="requiredHintField"
            component={[Function]}
            disabled={false}
            floatingTitle="Date patent issued"
            floatingTitleRequired={true}
            name="rek_date"
            partialDateFieldId="rek-date"
            required={true}
            validate={
              Array [
                [Function],
              ]
            }
          />
        </WithStyles(ForwardRef(Grid))>
        <WithStyles(ForwardRef(Grid))
          item={true}
          sm={6}
          xs={12}
        >
          <Field
            component={
              Object {
                "$$typeof": Symbol(react.forward_ref),
                "propTypes": Object {
                  "classes": [Function],
                  "help": [Function],
                  "innerRef": [Function],
                  "textFieldId": [Function],
                },
                "render": [Function],
              }
            }
            disabled={false}
            fullWidth={true}
            label="Country of origin"
            name="fez_record_search_key_country_of_issue.rek_country_of_issue"
            type="text"
          />
        </WithStyles(ForwardRef(Grid))>
        <WithStyles(ForwardRef(Grid))
          item={true}
          sm={6}
          xs={12}
        >
          <Field
            component={
              Object {
                "$$typeof": Symbol(react.forward_ref),
                "propTypes": Object {
                  "classes": [Function],
                  "help": [Function],
                  "innerRef": [Function],
                  "textFieldId": [Function],
                },
                "render": [Function],
              }
            }
            disabled={false}
            fullWidth={true}
            label="Patent owner"
            name="fez_record_search_key_publisher.rek_publisher"
            type="text"
          />
        </WithStyles(ForwardRef(Grid))>
      </WithStyles(ForwardRef(Grid))>
    </StandardCard>
  </WithStyles(ForwardRef(Grid))>
  <WithStyles(ForwardRef(Grid))
    item={true}
    xs={12}
  >
    <StandardCard
      title="Creators"
    >
      <WithStyles(ForwardRef(Typography))>
        Please provide a list of creators (e.g. producer or performer if self-produced) and then select your name from the list.
      </WithStyles(ForwardRef(Typography))>
      <Field
        component={[Function]}
        contributorEditorId="authors"
        disabled={false}
        locale={
          Object {
            "form": Object {
              "locale": Object {
                "addButton": "Add creator",
                "creatorRoleHint": "Select role from list or type the role of the creator in relation to the dataset",
                "creatorRoleLabel": "Enter creator's role",
                "descriptionStep1": <div>
                  <span
                    className="authorSteps"
                  >
                    Step 1 of 2
                  </span>
                   
                  - Please 
                  <b>
                    add to a list of creators below
                  </b>
                  , in the format and order that they are published.
                </div>,
                "descriptionStep1NoStep2": <div>
                  Please 
                  <b>
                    add to a list of creators below
                  </b>
                  , in the format and order that they are published.
                </div>,
                "identifierLabel": "UQ identifier (if available)",
                "nameAsPublishedFieldId": "creators-name-as-published-field",
                "nameAsPublishedHint": "Type the name exactly as published",
                "nameAsPublishedLabel": "Creator's name as published",
              },
            },
            "header": Object {
              "locale": Object {
                "contributorAssignmentColumn": "Select your name",
                "deleteAll": "Remove all items",
                "deleteAllConfirmation": Object {
                  "cancelButtonLabel": "No",
                  "confirmButtonLabel": "Yes",
                  "confirmationMessage": "Are you sure you want to delete all items?",
                  "confirmationTitle": "Delete all",
                },
                "descriptionStep2": <div>
                  <span
                    className="authorSteps"
                  >
                    Step 2 of 2
                  </span>
                   
                  - Please 
                  <b>
                    select your name
                  </b>
                   from the list below (if applicable).
                </div>,
                "identifierColumn": "UQ identifier",
                "nameColumn": "Creator's name as published",
                "reorderColumn": "Reorder items",
                "roleColumn": "Creator's role",
              },
            },
            "row": Object {
              "locale": Object {
                "deleteHint": "Remove this item",
                "deleteRecordConfirmation": Object {
                  "cancelButtonLabel": "No",
                  "confirmButtonLabel": "Yes",
                  "confirmationMessage": "Are you sure you want to delete this item?",
                  "confirmationTitle": "Delete item",
                },
                "editHint": "Edit this item",
                "moveDownHint": "Move item down the order",
                "moveUpHint": "Move item up the order",
                "selectHint": "Select this creator ([name]) to assign it as you",
                "selectedHint": "This is you",
                "suffix": " listed creator",
                "unselectedHint": "Select this to confirm this creator is you",
              },
            },
          }
        }
        name="authors"
        required={true}
        showContributorAssignment={true}
        validate={
          Array [
            [Function],
          ]
        }
      />
    </StandardCard>
  </WithStyles(ForwardRef(Grid))>
  <WithStyles(ForwardRef(Grid))
    item={true}
    xs={12}
  >
    <StandardCard
      title="Other patent details"
    >
      <WithStyles(ForwardRef(Grid))
        container={true}
        spacing={2}
      >
        <WithStyles(ForwardRef(Grid))
          item={true}
          xs={12}
        >
          <Field
            component={
              Object {
                "$$typeof": Symbol(react.forward_ref),
                "propTypes": Object {
                  "classes": [Function],
                  "help": [Function],
                  "innerRef": [Function],
                  "textFieldId": [Function],
                },
                "render": [Function],
              }
            }
            disabled={false}
            fullWidth={true}
            label="Notes (not publicly viewable)"
            multiline={true}
            name="comments"
            rows={1}
            type="text"
          />
        </WithStyles(ForwardRef(Grid))>
        <WithStyles(ForwardRef(Grid))
          item={true}
          xs={12}
        >
          <Field
            component={
              Object {
                "$$typeof": Symbol(react.forward_ref),
                "propTypes": Object {
                  "classes": [Function],
                  "help": [Function],
                  "innerRef": [Function],
                  "textFieldId": [Function],
                },
                "render": [Function],
              }
            }
            disabled={false}
            fullWidth={true}
            label="Enter URL for this patent"
            name="rek_link"
            type="text"
            validate={
              Array [
                [Function],
              ]
            }
          />
        </WithStyles(ForwardRef(Grid))>
      </WithStyles(ForwardRef(Grid))>
    </StandardCard>
  </WithStyles(ForwardRef(Grid))>
</WithStyles(ForwardRef(Grid))>
`;
