// Jest Snapshot v1, https://goo.gl/fbAQLP

exports[`WorkingPaperForm renders  component 1`] = `
<div>
  <div
    class="MuiGrid-root MuiGrid-container MuiGrid-spacing-xs-3 css-zow5z4-MuiGrid-root"
  >
    <div
      class="MuiGrid-root MuiGrid-item MuiGrid-grid-xs-12 css-1idn90j-MuiGrid-root"
    >
      <div
        class="MuiPaper-root MuiPaper-elevation MuiPaper-rounded MuiPaper-elevation1 MuiCard-root StandardCard css-985319-MuiPaper-root-MuiCard-root"
        data-testid="standard-card-working-paper-information"
        id="standard-card-working-paper-information"
      >
        <div
          class="MuiCardHeader-root css-16c6n48-MuiCardHeader-root"
        >
          <div
            class="MuiCardHeader-content css-1qbkelo-MuiCardHeader-content"
          >
            <h3
              class="MuiTypography-root MuiTypography-h5 MuiCardHeader-title css-1hzv55z-MuiTypography-root"
              data-testid="standard-card-working-paper-information-header"
              id="standard-card-working-paper-information-header"
            >
              Working paper information
            </h3>
          </div>
        </div>
        <div
          class="MuiCardContent-root css-46bh2p-MuiCardContent-root"
          data-analyticsid="standard-card-working-paper-information-content"
          data-testid="standard-card-working-paper-information-content"
          id="standard-card-working-paper-information-content"
        >
          <div
            class="MuiGrid-root MuiGrid-container MuiGrid-spacing-xs-2 css-mhc70k-MuiGrid-root"
          >
            <div
              class="MuiGrid-root MuiGrid-item MuiGrid-grid-xs-12 css-1idn90j-MuiGrid-root"
            >
              <field
                disabled="false"
                is="mock"
                label="Title"
                name="rek_title"
                required="true"
              />
            </div>
            <div
              class="MuiGrid-root MuiGrid-item MuiGrid-grid-xs-12 MuiGrid-grid-sm-6 css-1b3l6lk-MuiGrid-root"
            >
              <field
                disabled="false"
                is="mock"
                label="School, Institute or Centre "
                name="fez_record_search_key_org_unit_name.rek_org_unit_name"
              />
            </div>
            <div
              class="MuiGrid-root MuiGrid-item MuiGrid-grid-xs-12 MuiGrid-grid-sm-6 css-1b3l6lk-MuiGrid-root"
            >
              <field
                disabled="false"
                is="mock"
                label="Institution"
                name="fez_record_search_key_org_name.rek_org_name"
              />
            </div>
            <div
              class="MuiGrid-root MuiGrid-item MuiGrid-grid-xs-12 MuiGrid-grid-sm-6 css-1b3l6lk-MuiGrid-root"
            >
              <field
                disabled="false"
                is="mock"
                label="Series"
                name="fez_record_search_key_series.rek_series"
              />
            </div>
            <div
              class="MuiGrid-root MuiGrid-item MuiGrid-grid-xs-12 MuiGrid-grid-sm-6 css-1b3l6lk-MuiGrid-root"
            >
              <field
                disabled="false"
                is="mock"
                label="Paper number"
                name="fez_record_search_key_report_number.rek_report_number"
              />
            </div>
            <div
              class="MuiGrid-root MuiGrid-item MuiGrid-grid-xs-12 MuiGrid-grid-sm-6 css-1b3l6lk-MuiGrid-root"
            >
              <field
                disabled="false"
                is="mock"
                label="Total pages"
                name="fez_record_search_key_total_pages.rek_total_pages"
              />
            </div>
            <div
              class="MuiGrid-root MuiGrid-item MuiGrid-grid-xs-12 MuiGrid-grid-sm-6 css-1b3l6lk-MuiGrid-root"
            >
              <field
                disabled="false"
                is="mock"
                name="fez_record_search_key_doi.rek_doi"
              />
            </div>
            <div
              class="MuiGrid-root MuiGrid-item MuiGrid-grid-xs-12 MuiGrid-grid-sm-6 css-1b3l6lk-MuiGrid-root"
            >
              <field
                disabled="false"
                is="mock"
                name="rek_date"
                required="true"
              />
            </div>
            <div
              class="MuiGrid-root MuiGrid-item MuiGrid-grid-xs-12 css-1idn90j-MuiGrid-root"
            >
              <field
                disabled="false"
                is="mock"
                label="Abstract"
                name="rek_description"
              />
            </div>
          </div>
        </div>
      </div>
    </div>
    <div
      class="MuiGrid-root MuiGrid-item MuiGrid-grid-xs-12 css-1idn90j-MuiGrid-root"
    >
      <div
        class="MuiPaper-root MuiPaper-elevation MuiPaper-rounded MuiPaper-elevation1 MuiCard-root StandardCard css-985319-MuiPaper-root-MuiCard-root"
        data-testid="standard-card-authors"
        id="standard-card-authors"
      >
        <div
          class="MuiCardHeader-root css-16c6n48-MuiCardHeader-root"
        >
          <div
            class="MuiCardHeader-content css-1qbkelo-MuiCardHeader-content"
          >
            <h3
              class="MuiTypography-root MuiTypography-h5 MuiCardHeader-title css-1hzv55z-MuiTypography-root"
              data-testid="standard-card-authors-header"
              id="standard-card-authors-header"
            >
              Authors
            </h3>
          </div>
          <div
            class="MuiCardHeader-action css-sgoict-MuiCardHeader-action"
          >
            <button
              aria-label="Click for more information"
              class="MuiButtonBase-root MuiIconButton-root MuiIconButton-sizeMedium css-whz9ym-MuiButtonBase-root-MuiIconButton-root"
              data-analyticsid="help-icon"
              data-mui-internal-clone-element="true"
              data-testid="help-icon"
              id="help-icon"
              tabindex="0"
              type="button"
            >
              <svg
                class="MuiSvgIcon-root MuiSvgIcon-fontSizeMedium css-16iszhv-MuiSvgIcon-root"
                data-testid="HelpOutlineIcon"
                focusable="false"
                role="img"
                viewBox="0 0 24 24"
              >
                <path
                  d="M11 18h2v-2h-2zm1-16C6.48 2 2 6.48 2 12s4.48 10 10 10 10-4.48 10-10S17.52 2 12 2m0 18c-4.41 0-8-3.59-8-8s3.59-8 8-8 8 3.59 8 8-3.59 8-8 8m0-14c-2.21 0-4 1.79-4 4h2c0-1.1.9-2 2-2s2 .9 2 2c0 2-3 1.75-3 5h2c0-2.25 3-2.5 3-5 0-2.21-1.79-4-4-4"
                />
                <title>
                  Click for more information
                </title>
              </svg>
            </button>
          </div>
        </div>
        <div
          class="MuiCardContent-root css-46bh2p-MuiCardContent-root"
          data-analyticsid="standard-card-authors-content"
          data-testid="standard-card-authors-content"
          id="standard-card-authors-content"
        >
          <p
            class="MuiTypography-root MuiTypography-body1 css-u1nwny-MuiTypography-root"
          >
            Please provide a list of authors and then select your name from the list.
          </p>
          <field
            disabled="false"
            is="mock"
            name="authors"
            required="true"
          />
        </div>
      </div>
    </div>
    <div
      class="MuiGrid-root MuiGrid-item MuiGrid-grid-xs-12 css-1idn90j-MuiGrid-root"
    >
      <div
        class="MuiPaper-root MuiPaper-elevation MuiPaper-rounded MuiPaper-elevation1 MuiCard-root StandardCard css-985319-MuiPaper-root-MuiCard-root"
        data-testid="standard-card-optional-details"
        id="standard-card-optional-details"
      >
        <div
          class="MuiCardHeader-root css-16c6n48-MuiCardHeader-root"
        >
          <div
            class="MuiCardHeader-content css-1qbkelo-MuiCardHeader-content"
          >
            <h3
              class="MuiTypography-root MuiTypography-h5 MuiCardHeader-title css-1hzv55z-MuiTypography-root"
              data-testid="standard-card-optional-details-header"
              id="standard-card-optional-details-header"
            >
              Optional details
            </h3>
          </div>
        </div>
        <div
          class="MuiCardContent-root css-46bh2p-MuiCardContent-root"
          data-analyticsid="standard-card-optional-details-content"
          data-testid="standard-card-optional-details-content"
          id="standard-card-optional-details-content"
        >
          <div
            class="MuiGrid-root MuiGrid-container MuiGrid-spacing-xs-2 css-mhc70k-MuiGrid-root"
          >
            <div
              class="MuiGrid-root MuiGrid-item MuiGrid-grid-xs-12 css-1idn90j-MuiGrid-root"
            >
              <field
                disabled="false"
                is="mock"
                label="Notes (not publicly viewable)"
                name="comments"
              />
            </div>
          </div>
          <div
            class="MuiGrid-root MuiGrid-container MuiGrid-spacing-xs-2 css-mhc70k-MuiGrid-root"
          >
            <div
              class="MuiGrid-root MuiGrid-item MuiGrid-grid-xs-12 css-1idn90j-MuiGrid-root"
            >
              <field
                disabled="false"
                is="mock"
                label="Link"
                name="rek_link"
              />
            </div>
          </div>
        </div>
      </div>
    </div>
  </div>
</div>
`;
