// Jest Snapshot v1, https://goo.gl/fbAQLP

exports[`HerdcStatusField component should render default view 1`] = `
<div>
  <div
    class="MuiFormControl-root MuiFormControl-fullWidth css-q8hpuo-MuiFormControl-root"
  >
    <label
      class="MuiFormLabel-root MuiInputLabel-root MuiInputLabel-formControl MuiInputLabel-animated MuiInputLabel-sizeMedium MuiInputLabel-standard MuiFormLabel-colorPrimary MuiInputLabel-root MuiInputLabel-formControl MuiInputLabel-animated MuiInputLabel-sizeMedium MuiInputLabel-standard css-h9aup-MuiFormLabel-root-MuiInputLabel-root"
      data-shrink="false"
      data-testid="rek-herdc-status-label"
      id="rek-herdc-status-label"
    />
    <div
      class="MuiInputBase-root MuiInput-root MuiInput-underline MuiInputBase-colorPrimary MuiInputBase-formControl  css-16gkaxk-MuiInputBase-root-MuiInput-root-MuiSelect-root"
    >
      <div
        aria-controls=":r0:"
        aria-expanded="false"
        aria-haspopup="listbox"
        aria-labelledby="rek-herdc-status-select"
        class="MuiSelect-select MuiSelect-standard MuiInputBase-input MuiInput-input css-1rxz5jq-MuiSelect-select-MuiInputBase-input-MuiInput-input"
        data-testid="rek-herdc-status-select"
        id="rek-herdc-status-select"
        role="combobox"
        tabindex="0"
      >
        <span
          class="notranslate"
        >
          ​
        </span>
      </div>
      <input
        aria-hidden="true"
        aria-invalid="false"
        aria-labelledby="rek-herdc-status-label"
        class="MuiSelect-nativeInput css-yf8vq0-MuiSelect-nativeInput"
        data-analyticsid="rek-herdc-status-input"
        data-testid="rek-herdc-status-input"
        id="rek-herdc-status-input"
        tabindex="-1"
        value=""
      />
      <svg
        aria-hidden="true"
        class="MuiSvgIcon-root MuiSvgIcon-fontSizeMedium MuiSelect-icon MuiSelect-iconStandard css-pqjvzy-MuiSvgIcon-root-MuiSelect-icon"
        data-testid="ArrowDropDownIcon"
        focusable="false"
        viewBox="0 0 24 24"
      >
        <path
          d="M7 10l5 5 5-5z"
        />
      </svg>
    </div>
  </div>
</div>
`;

exports[`HerdcStatusField component should render immutable list as selected value with given field props 1`] = `
<div>
  <div
    class="MuiFormControl-root MuiFormControl-fullWidth css-q8hpuo-MuiFormControl-root"
  >
    <label
      class="MuiFormLabel-root MuiInputLabel-root MuiInputLabel-formControl MuiInputLabel-animated MuiInputLabel-shrink MuiInputLabel-sizeMedium MuiInputLabel-standard MuiFormLabel-colorPrimary Mui-error MuiFormLabel-filled MuiInputLabel-root MuiInputLabel-formControl MuiInputLabel-animated MuiInputLabel-shrink MuiInputLabel-sizeMedium MuiInputLabel-standard css-5afocb-MuiFormLabel-root-MuiInputLabel-root"
      data-shrink="true"
      data-testid="rek-herdc-status-label"
      id="rek-herdc-status-label"
    >
      Test label
    </label>
    <div
      class="MuiInputBase-root MuiInput-root MuiInput-underline MuiInputBase-colorPrimary Mui-error MuiInputBase-formControl  css-16gkaxk-MuiInputBase-root-MuiInput-root-MuiSelect-root"
    >
      <div
        aria-controls=":r2:"
        aria-expanded="false"
        aria-haspopup="listbox"
        aria-labelledby="rek-herdc-status-select"
        class="MuiSelect-select MuiSelect-standard Mui-error MuiInputBase-input MuiInput-input css-1rxz5jq-MuiSelect-select-MuiInputBase-input-MuiInput-input"
        data-testid="rek-herdc-status-select"
        id="rek-herdc-status-select"
        role="combobox"
        tabindex="0"
      >
        <span
          class="notranslate"
        >
          ​
        </span>
      </div>
      <input
        aria-hidden="true"
        aria-invalid="true"
        aria-labelledby="rek-herdc-status-label"
        class="MuiSelect-nativeInput css-yf8vq0-MuiSelect-nativeInput"
        data-analyticsid="rek-herdc-status-input"
        data-testid="rek-herdc-status-input"
        id="rek-herdc-status-input"
        tabindex="-1"
        value="One,Two"
      />
      <svg
        aria-hidden="true"
        class="MuiSvgIcon-root MuiSvgIcon-fontSizeMedium MuiSelect-icon MuiSelect-iconStandard css-pqjvzy-MuiSvgIcon-root-MuiSelect-icon"
        data-testid="ArrowDropDownIcon"
        focusable="false"
        viewBox="0 0 24 24"
      >
        <path
          d="M7 10l5 5 5-5z"
        />
      </svg>
    </div>
    <p
      class="MuiFormHelperText-root Mui-error MuiFormHelperText-sizeMedium MuiFormHelperText-filled css-1d7hrfi-MuiFormHelperText-root"
      data-testid="rek-herdc-status-helper-text"
      id="rek-herdc-status-helper-text"
    >
      Test error
    </p>
  </div>
</div>
`;

exports[`HerdcStatusField component should render when given a default value field props 1`] = `
<div>
  <div
    class="MuiFormControl-root MuiFormControl-fullWidth css-q8hpuo-MuiFormControl-root"
  >
    <label
      class="MuiFormLabel-root MuiInputLabel-root MuiInputLabel-formControl MuiInputLabel-animated MuiInputLabel-sizeMedium MuiInputLabel-standard MuiFormLabel-colorPrimary MuiInputLabel-root MuiInputLabel-formControl MuiInputLabel-animated MuiInputLabel-sizeMedium MuiInputLabel-standard css-h9aup-MuiFormLabel-root-MuiInputLabel-root"
      data-shrink="false"
      data-testid="rek-herdc-status-label"
      id="rek-herdc-status-label"
    >
      Test label
    </label>
    <div
      class="MuiInputBase-root MuiInput-root MuiInput-underline MuiInputBase-colorPrimary MuiInputBase-formControl  css-16gkaxk-MuiInputBase-root-MuiInput-root-MuiSelect-root"
    >
      <div
        aria-controls=":r3:"
        aria-expanded="false"
        aria-haspopup="listbox"
        aria-labelledby="rek-herdc-status-select"
        class="MuiSelect-select MuiSelect-standard MuiInputBase-input MuiInput-input css-1rxz5jq-MuiSelect-select-MuiInputBase-input-MuiInput-input"
        data-testid="rek-herdc-status-select"
        id="rek-herdc-status-select"
        role="combobox"
        tabindex="0"
      >
        <span
          class="notranslate"
        >
          ​
        </span>
      </div>
      <input
        aria-hidden="true"
        aria-invalid="false"
        aria-labelledby="rek-herdc-status-label"
        class="MuiSelect-nativeInput css-yf8vq0-MuiSelect-nativeInput"
        data-analyticsid="rek-herdc-status-input"
        data-testid="rek-herdc-status-input"
        id="rek-herdc-status-input"
        tabindex="-1"
        value=""
      />
      <svg
        aria-hidden="true"
        class="MuiSvgIcon-root MuiSvgIcon-fontSizeMedium MuiSelect-icon MuiSelect-iconStandard css-pqjvzy-MuiSvgIcon-root-MuiSelect-icon"
        data-testid="ArrowDropDownIcon"
        focusable="false"
        viewBox="0 0 24 24"
      >
        <path
          d="M7 10l5 5 5-5z"
        />
      </svg>
    </div>
  </div>
</div>
`;

exports[`HerdcStatusField component should render with given field props 1`] = `
<div>
  <div
    class="MuiFormControl-root MuiFormControl-fullWidth css-q8hpuo-MuiFormControl-root"
  >
    <label
      class="MuiFormLabel-root MuiInputLabel-root MuiInputLabel-formControl MuiInputLabel-animated MuiInputLabel-shrink MuiInputLabel-sizeMedium MuiInputLabel-standard MuiFormLabel-colorPrimary Mui-error MuiFormLabel-filled MuiInputLabel-root MuiInputLabel-formControl MuiInputLabel-animated MuiInputLabel-shrink MuiInputLabel-sizeMedium MuiInputLabel-standard css-5afocb-MuiFormLabel-root-MuiInputLabel-root"
      data-shrink="true"
      data-testid="rek-herdc-status-label"
      id="rek-herdc-status-label"
    >
      Test label
    </label>
    <div
      class="MuiInputBase-root MuiInput-root MuiInput-underline MuiInputBase-colorPrimary Mui-error MuiInputBase-formControl  css-16gkaxk-MuiInputBase-root-MuiInput-root-MuiSelect-root"
    >
      <div
        aria-controls=":r1:"
        aria-expanded="false"
        aria-haspopup="listbox"
        aria-labelledby="rek-herdc-status-select"
        class="MuiSelect-select MuiSelect-standard Mui-error MuiInputBase-input MuiInput-input css-1rxz5jq-MuiSelect-select-MuiInputBase-input-MuiInput-input"
        data-testid="rek-herdc-status-select"
        id="rek-herdc-status-select"
        role="combobox"
        tabindex="0"
      >
        <span
          class="notranslate"
        >
          ​
        </span>
      </div>
      <input
        aria-hidden="true"
        aria-invalid="true"
        aria-labelledby="rek-herdc-status-label"
        class="MuiSelect-nativeInput css-yf8vq0-MuiSelect-nativeInput"
        data-analyticsid="rek-herdc-status-input"
        data-testid="rek-herdc-status-input"
        id="rek-herdc-status-input"
        tabindex="-1"
        value="One,Two"
      />
      <svg
        aria-hidden="true"
        class="MuiSvgIcon-root MuiSvgIcon-fontSizeMedium MuiSelect-icon MuiSelect-iconStandard css-pqjvzy-MuiSvgIcon-root-MuiSelect-icon"
        data-testid="ArrowDropDownIcon"
        focusable="false"
        viewBox="0 0 24 24"
      >
        <path
          d="M7 10l5 5 5-5z"
        />
      </svg>
    </div>
    <p
      class="MuiFormHelperText-root Mui-error MuiFormHelperText-sizeMedium MuiFormHelperText-filled css-1d7hrfi-MuiFormHelperText-root"
      data-testid="rek-herdc-status-helper-text"
      id="rek-herdc-status-helper-text"
    >
      Test error
    </p>
  </div>
</div>
`;
