// Jest Snapshot v1, https://goo.gl/fbAQLP

exports[`Component ContributorLinkingField should render as expected 1`] = `
<div>
  <div>
    <div
      class="MuiGridLegacy-root MuiGridLegacy-container css-164hai-MuiGridLegacy-root"
    >
      <div
        class="MuiGridLegacy-root MuiGridLegacy-item css-hi9xyf-MuiGridLegacy-root"
      />
    </div>
  </div>
</div>
`;
