// Jest Snapshot v1, https://goo.gl/fbAQLP

exports[`Dashboard Author Details test Render the authors details as expected for a UQ researcher) 1`] = `
<div>
  <div
    class="MuiGridLegacy-root MuiGridLegacy-container MuiGridLegacy-spacing-xs-1 css-1x7evzc-MuiGridLegacy-root"
  >
    <div
      class="MuiGridLegacy-root MuiGridLegacy-item MuiGridLegacy-grid-xs-12 css-fwd0zd-MuiGridLegacy-root"
    >
      <h6
        class="MuiTypography-root MuiTypography-h6 css-1s8t1s1-MuiTypography-root"
      >
         
         
      </h6>
    </div>
    <div
      class="MuiGridLegacy-root MuiGridLegacy-item MuiGridLegacy-grid-xs-12 css-fwd0zd-MuiGridLegacy-root"
    >
      <span
        class="MuiTypography-root MuiTypography-caption css-cj8z3c-MuiTypography-root"
      >
        <b>
          Affiliate Professor
        </b>
        , Institute for Molecular Bioscience
      </span>
      <span
        class="MuiTypography-root MuiTypography-caption css-cj8z3c-MuiTypography-root"
      >
        <b>
          Affiliate Professorial Res Fellow
        </b>
        , School of Chemistry and Molecular Biosciences
      </span>
      <span
        class="MuiTypography-root MuiTypography-caption css-cj8z3c-MuiTypography-root"
      >
        <b>
          ARC Australian Laureate Fellow
        </b>
        , The University of Queensland Diamantina Institute
      </span>
    </div>
  </div>
</div>
`;
