// Jest Snapshot v1, https://goo.gl/fbAQLP

exports[`SelectedSecurityPolicyDescription component should render properly 1`] = `
<div>
  <div
    class="MuiGrid-root MuiGrid-direction-xs-row MuiGrid-grid-xs-12 css-yqiqnf-MuiGrid-root"
    style="margin-top: 12px; padding: 24px; background-color: rgba(0, 0, 0, 0.05);"
  >
    <h6
      class="MuiTypography-root MuiTypography-h6 css-xgkcgd-MuiTypography-root"
      style="margin-top: -8px;"
    >
      test
    </h6>
    <div
      class="MuiGrid-root MuiGrid-container MuiGrid-direction-xs-row MuiGrid-spacing-xs-1 css-1yvsbrk-MuiGrid-root"
      style="margin-top: 8px;"
    >
      <div
        class="MuiGrid-root MuiGrid-direction-xs-row MuiGrid-grid-xs-2 css-15bfe7d-MuiGrid-root"
      >
        <b>
          Name (ID):
        </b>
      </div>
      <div
        class="MuiGrid-root MuiGrid-direction-xs-row MuiGrid-grid-xs-10 css-r13beu-MuiGrid-root"
      >
        Theses Assessors (2)
      </div>
    </div>
  </div>
</div>
`;
