// Jest Snapshot v1, https://goo.gl/fbAQLP

exports[`LookupListEditor should render default component 1`] = `
<div>
  <div
    class="undefined"
    data-testid="lookup-list-editor-list-editor"
    id="lookup-list-editor-list-editor"
  >
    <div
      data-testid="lookup-list-editor-list"
      id="lookup-list-editor-list"
    />
    <p
      class="MuiFormHelperText-root css-1d7hrfi-MuiFormHelperText-root"
    />
  </div>
</div>
`;
