// Jest Snapshot v1, https://goo.gl/fbAQLP

exports[`AudioDocumentCitation renders  component with a mock espace record 1`] = `
<div>
  <span
    class="citationContent citationAudio"
    id="citation-content-UQ:151787"
  >
    <span
      class="citationAuthors"
    >
      <span
        class="citationAuthor"
        data-testid="rek-author-0"
      >
        Shutter, Leigh
      </span>
      , 
      <span
        class="citationAuthor"
        data-testid="rek-author-1"
      >
        Arthurs, Andy
      </span>
      , 
      <span
        class="citationAuthor"
        data-testid="rek-author-2"
      >
        Bamford, Greg
      </span>
      , 
      <span
        class="citationAuthor"
        data-testid="rek-author-3"
      >
        McColl, Mary Rose
      </span>
      , 
       and 
      <span
        class="citationAuthor"
        data-testid="rek-author-4"
      >
        Skinner, Peter R.
      </span>
       
    </span>
    <span
      class="citationDate"
    >
      (
      2007
      ).
    </span>
    <span
      class="citationTitle"
    >
       
      Hearing the city Symposium Title 5: In conversation
      .
    </span>
    <span
      class="citationPublisher"
    >
       
      Centre for Subtropical Design, Queensland University of Technology
      .
    </span>
    <span
      class="citationSeries empty"
    />
    <span
      class="citationDOI empty"
    />
  </span>
</div>
`;

exports[`AudioDocumentCitation renders  component with an empty doi view  1`] = `
<div>
  <span
    class="citationContent citationAudio"
    id="citation-content-UQ:151787"
  >
    <span
      class="citationAuthors"
    >
      <span
        class="citationAuthor"
        data-testid="rek-author-0"
      >
        Shutter, Leigh
      </span>
      , 
      <span
        class="citationAuthor"
        data-testid="rek-author-1"
      >
        Arthurs, Andy
      </span>
      , 
      <span
        class="citationAuthor"
        data-testid="rek-author-2"
      >
        Bamford, Greg
      </span>
      , 
      <span
        class="citationAuthor"
        data-testid="rek-author-3"
      >
        McColl, Mary Rose
      </span>
      , 
       and 
      <span
        class="citationAuthor"
        data-testid="rek-author-4"
      >
        Skinner, Peter R.
      </span>
       
    </span>
    <span
      class="citationDate"
    >
      (
      2007
      ).
    </span>
    <span
      class="citationTitle"
    >
       
      Hearing the city Symposium Title 5: In conversation
      .
    </span>
    <span
      class="citationPublisher"
    >
       
      Centre for Subtropical Design, Queensland University of Technology
      .
    </span>
    <span
      class="citationSeries empty"
    />
    <span
      class="citationDOI empty"
    />
  </span>
</div>
`;

exports[`AudioDocumentCitation renders  component with empty publication 1`] = `
<div>
  <span
    class="citationContent citationAudio"
    id="citation-content-undefined"
  >
    <span
      class="citationAuthors empty"
    />
    <span
      class="citationDate empty"
    />
    <span
      class="citationTitle empty"
    />
    <span
      class="citationPublisher empty"
    />
    <span
      class="citationSeries empty"
    />
    <span
      class="citationDOI empty"
    />
  </span>
</div>
`;
