// Jest Snapshot v1, https://goo.gl/fbAQLP

exports[`ConferencePaperCitation renders  component with a mock espace record 1`] = `
<div>
  <div
    class="citationContent citationConferencePaper"
  >
    <span
      class="citationAuthors"
    >
      <span
        class="citationAuthor"
        data-testid="rek-author-0"
      >
        Larance, Briony
      </span>
      , 
      <span
        class="citationAuthor"
        data-testid="rek-author-1"
      >
        Peacock, Amy
      </span>
      , 
      <span
        class="citationAuthor"
        data-testid="rek-author-2"
      >
        Campbell, Gabrielle
      </span>
      , 
      <span
        class="citationAuthor"
        data-testid="rek-author-3"
      >
        Freckleton, Sarah
      </span>
      , 
      <span
        class="citationAuthor"
        data-testid="rek-author-4"
      >
        Smith, Kimberley
      </span>
      , 
      <span
        class="citationAuthor"
        data-testid="rek-author-5"
      >
        Mattick, Richard
      </span>
      , 
      <span
        class="citationAuthor"
        data-testid="rek-author-6"
      >
        Bruno, Raimondo
      </span>
      , 
      <span
        class="citationAuthor"
        data-testid="rek-author-7"
      >
        Nielsen, Suzanne
      </span>
      , 
      <span
        class="citationAuthor"
        data-testid="rek-author-8"
      >
        Cohen, Milton
      </span>
      , 
      <span
        class="citationAuthor"
        data-testid="rek-author-9"
      >
        Lintzeris, Nicholas
      </span>
      , 
      <span
        class="citationAuthor"
        data-testid="rek-author-10"
      >
        Shand, Fiona
      </span>
      , 
      <span
        class="citationAuthor"
        data-testid="rek-author-11"
      >
        Hall, Wayne D.
      </span>
      , 
      <span
        class="citationAuthor"
        data-testid="rek-author-12"
      >
        Farrell, Michael
      </span>
      , 
       and 
      <span
        class="citationAuthor"
        data-testid="rek-author-13"
      >
        Degenhardt, Louisa
      </span>
       
    </span>
    <span
      class="citationDate"
    >
      (
      2014
      ).
    </span>
    <span
      class="citationTitle"
    >
       
      Alcohol use disorders, risky alcohol consumption and adverse events among chronic non-cancer pain patients receiving opioid therapy
      .
    </span>
    <span
      class="citationConferenceName"
    >
       
      Australasian Professional Society on Alcohol and other Drugs Conference 2014
      , 
    </span>
    <span
      class="citationConferenceLocation"
    >
       
      Adelaide, South Australia, Australia
      , 
    </span>
    <span
      class="citationConferenceDates"
    >
       
      9-12 November, 2014
      .
    </span>
    <span
      class="citationPlaceOfPublication"
    >
       
      Chichester, West Sussex, United Kingdom
      :
    </span>
    <span
      class="citationPublisher"
    >
       
      Wiley-Blackwell Publishing
      .
    </span>
    <span
      data-testid="rek-doi"
    >
      <a
        aria-label="Open this DOI in an new window"
        class="citationDoiLink css-1oqhn84"
        data-analyticsid="citation-doi-link"
        data-testid="citation-doi-link"
        href="https://doi.org/10.1111/dar.12222"
        id="citation-doi-link"
        rel="noopener noreferrer"
        tabindex="0"
        target="_blank"
        title="Open this DOI in an new window"
      >
        <svg
          aria-hidden="true"
          class="MuiSvgIcon-root MuiSvgIcon-fontSizeMedium css-7r41zx-MuiSvgIcon-root"
          data-testid="OpenInNewIcon"
          focusable="false"
          id="citation-doi-link-new-window-icon"
          viewBox="0 0 24 24"
        >
          <path
            d="M19 19H5V5h7V3H5c-1.11 0-2 .9-2 2v14c0 1.1.89 2 2 2h14c1.1 0 2-.9 2-2v-7h-2zM14 3v2h3.59l-9.83 9.83 1.41 1.41L19 6.41V10h2V3z"
          />
        </svg>
        https://doi.org/10.1111/dar.12222
      </a>
    </span>
  </div>
</div>
`;

exports[`ConferencePaperCitation renders  component with empty publication 1`] = `
<div>
  <div
    class="citationContent citationConferencePaper"
  >
    <span
      class="citationAuthors empty"
    />
    <span
      class="citationDate empty"
    />
    <span
      class="citationTitle empty"
    />
    <span
      class="citationConferenceName empty"
    />
    <span
      class="citationConferenceLocation empty"
    />
    <span
      class="citationConferenceDates empty"
    />
    <span
      class="citationPlaceOfPublication empty"
    />
    <span
      class="citationPublisher empty"
    />
    <span
      class="citationDOI empty"
    />
  </div>
</div>
`;
