// Jest Snapshot v1, https://goo.gl/fbAQLP

exports[`CreativeWorkCitation renders  component with a doi view 1`] = `
<div>
  <div
    class="citationContent citationCreativeWork"
  >
    <span
      class="citationAuthors"
    >
      <span
        class="citationAuthor"
        data-testid="rek-author-0"
      >
        Webster-Mannison, Marci
      </span>
       
    </span>
    <span
      class="citationDate"
    >
      (
      2006
      ).
    </span>
    <span
      class="citationTitle"
    >
       
      Sustainable home Brisbane
      .
    </span>
    <span
      class="citationPlaceOfPublication"
    >
       
      St Lucia, Brisbane, QLD, Australia
      :
    </span>
    <span
      class="citationPublisher"
    >
       
      School of Architecture, The University of Queensland
      .
    </span>
    <span
      data-testid="rek-doi"
    >
      <a
        aria-label="Open this DOI in an new window"
        class="citationDoiLink css-1oqhn84"
        data-analyticsid="citation-doi-link"
        data-testid="citation-doi-link"
        href="https://doi.org/10.1111/1111"
        id="citation-doi-link"
        rel="noopener noreferrer"
        tabindex="0"
        target="_blank"
        title="Open this DOI in an new window"
      >
        <svg
          aria-hidden="true"
          class="MuiSvgIcon-root MuiSvgIcon-fontSizeMedium css-7r41zx-MuiSvgIcon-root"
          data-testid="OpenInNewIcon"
          focusable="false"
          id="citation-doi-link-new-window-icon"
          viewBox="0 0 24 24"
        >
          <path
            d="M19 19H5V5h7V3H5c-1.11 0-2 .9-2 2v14c0 1.1.89 2 2 2h14c1.1 0 2-.9 2-2v-7h-2zM14 3v2h3.59l-9.83 9.83 1.41 1.41L19 6.41V10h2V3z"
          />
        </svg>
        https://doi.org/10.1111/1111
      </a>
    </span>
  </div>
</div>
`;

exports[`CreativeWorkCitation renders  component with a mock espace record 1`] = `
<div>
  <div
    class="citationContent citationCreativeWork"
  >
    <span
      class="citationAuthors"
    >
      <span
        class="citationAuthor"
        data-testid="rek-author-0"
      >
        Webster-Mannison, Marci
      </span>
       
    </span>
    <span
      class="citationDate"
    >
      (
      2006
      ).
    </span>
    <span
      class="citationTitle"
    >
       
      Sustainable home Brisbane
      .
    </span>
    <span
      class="citationPlaceOfPublication"
    >
       
      St Lucia, Brisbane, QLD, Australia
      :
    </span>
    <span
      class="citationPublisher"
    >
       
      School of Architecture, The University of Queensland
      .
    </span>
    <span
      class="citationDOI empty"
    />
  </div>
</div>
`;

exports[`CreativeWorkCitation renders  component with empty publication 1`] = `
<div>
  <div
    class="citationContent citationCreativeWork"
  >
    <span
      class="citationAuthors empty"
    />
    <span
      class="citationDate empty"
    />
    <span
      class="citationTitle empty"
    />
    <span
      class="citationPlaceOfPublication empty"
    />
    <span
      class="citationPublisher empty"
    />
    <span
      class="citationDOI empty"
    />
  </div>
</div>
`;
