// Jest Snapshot v1, https://goo.gl/fbAQLP

exports[`ThesisCitation renders  component with a mock espace record 1`] = `
<div>
  <span
    class="citationContent citationThesis"
    id="citation-content-UQ:170415"
  >
    <span
      class="citationAuthors"
    >
      <span
        class="citationAuthor"
        data-testid="rek-author-0"
      >
        Jennifer Moffatt
      </span>
       
    </span>
    <span
      class="citationDate"
    >
      (
      2008
      ).
    </span>
    <span
      class="citationTitle"
    >
       
      It's for love not money: Queensland graziers' perceptions of sustainable development
      .
    </span>
    <span
      class="citationThesisType"
    >
       
      PhD Thesis
      ,
    </span>
    <span
      class="citationOrgUnit"
    >
       
      School of Natural and Rural Systems
      ,
    </span>
    <span
      class="citationOrgName"
    >
       
      The University of Queensland
      .
    </span>
    <span
      class="citationDOI empty"
    />
  </span>
</div>
`;

exports[`ThesisCitation renders  component with an empty doi view 1`] = `
<div>
  <span
    class="citationContent citationThesis"
    id="citation-content-UQ:170415"
  >
    <span
      class="citationAuthors"
    >
      <span
        class="citationAuthor"
        data-testid="rek-author-0"
      >
        Jennifer Moffatt
      </span>
       
    </span>
    <span
      class="citationDate"
    >
      (
      2008
      ).
    </span>
    <span
      class="citationTitle"
    >
       
      It's for love not money: Queensland graziers' perceptions of sustainable development
      .
    </span>
    <span
      class="citationThesisType"
    >
       
      PhD Thesis
      ,
    </span>
    <span
      class="citationOrgUnit"
    >
       
      School of Natural and Rural Systems
      ,
    </span>
    <span
      class="citationOrgName"
    >
       
      The University of Queensland
      .
    </span>
    <span
      class="citationDOI empty"
    />
  </span>
</div>
`;

exports[`ThesisCitation renders  component with empty publication 1`] = `
<div>
  <span
    class="citationContent citationThesis"
    id="citation-content-undefined"
  >
    <span
      class="citationAuthors empty"
    />
    <span
      class="citationDate empty"
    />
    <span
      class="citationTitle empty"
    />
    <span
      class="citationThesisType empty"
    />
    <span
      class="citationOrgUnit empty"
    />
    <span
      class="citationOrgName empty"
    />
    <span
      class="citationDOI empty"
    />
  </span>
</div>
`;
