// Jest Snapshot v1, https://goo.gl/fbAQLP

exports[`ConfirmationBox component should render confirmation box with default props 1`] = `<div />`;
