// Jest Snapshot v1, https://goo.gl/fbAQLP

exports[`FileUploadField method should return <FileUploader> 1`] = `
<Memo(Connect(FileUploader))
  input={
    {
      "onChange": [MockFunction],
    }
  }
  onChange={[MockFunction]}
/>
`;
